exports[`<RootApp /> should render with children 1`] = `
<AppContainer>
  <App
    centered={false}>
    ğŸ‘¶ğŸ‘¶ğŸ‘¶ğŸ‘¶
    <Connect(ErrorHandler) />
    <Connect(UserNotifications) />
  </App>
</AppContainer>
`;

exports[`<RootApp /> should render with home app children 1`] = `
<AppContainer>
  <App
    centered={false}>
    <HomeApp>
      ğŸ‘¶ğŸ‘¶ğŸ‘¶ğŸ‘¶
    </HomeApp>
    <Connect(ErrorHandler) />
    <Connect(UserNotifications) />
  </App>
</AppContainer>
`;
